nh27_control_direct_light_goods.json before=2026-09-10T06:37:53Z after=2026-09-10T06:37:53Z http_status=200
nh27_via_bands_light_goods.json before=2026-09-10T06:37:53Z after=2026-09-10T06:37:53Z http_status=200
nh27_leg1_band1_jalukbari_nagaon_light_goods.json before=2026-09-10T06:37:53Z after=2026-09-10T06:37:53Z http_status=200
nh27_leg2_band2_nagaon_doboka_light_goods.json before=2026-09-10T06:37:54Z after=2026-09-10T06:37:54Z http_status=200
nh27_leg3_band3_doboka_lanka_lumding_light_goods.json before=2026-09-10T06:37:54Z after=2026-09-10T06:37:54Z http_status=200
nh27_leg4_band4_lumding_maibang_light_goods.json before=2026-09-10T06:37:54Z after=2026-09-10T06:37:54Z http_status=200
nh27_leg5_band5_maibang_harangajao_balachera_light_goods.json before=2026-09-10T06:37:54Z after=2026-09-10T06:37:54Z http_status=200
nh27_leg6_band6_balachera_silchar_light_goods.json before=2026-09-10T06:37:54Z after=2026-09-10T06:37:54Z http_status=200
nh6_alternative_light_goods.json before=2026-09-10T06:37:54Z after=2026-09-10T06:37:54Z http_status=200
nh27_control_direct_rigid_truck.json before=2026-09-10T06:37:54Z after=2026-09-10T06:37:54Z http_status=200
nh27_via_bands_rigid_truck.json before=2026-09-10T06:37:55Z after=2026-09-10T06:37:55Z http_status=200
nh27_leg1_band1_jalukbari_nagaon_rigid_truck.json before=2026-09-10T06:37:55Z after=2026-09-10T06:37:55Z http_status=200
nh27_leg2_band2_nagaon_doboka_rigid_truck.json before=2026-09-10T06:37:55Z after=2026-09-10T06:37:55Z http_status=200
nh27_leg3_band3_doboka_lanka_lumding_rigid_truck.json before=2026-09-10T06:37:55Z after=2026-09-10T06:37:55Z http_status=200
nh27_leg4_band4_lumding_maibang_rigid_truck.json before=2026-09-10T06:37:55Z after=2026-09-10T06:37:55Z http_status=200
nh27_leg5_band5_maibang_harangajao_balachera_rigid_truck.json before=2026-09-10T06:37:55Z after=2026-09-10T06:37:55Z http_status=200
nh27_leg6_band6_balachera_silchar_rigid_truck.json before=2026-09-10T06:37:55Z after=2026-09-10T06:37:55Z http_status=200
nh6_alternative_rigid_truck.json before=2026-09-10T06:37:55Z after=2026-09-10T06:37:56Z http_status=200
nh27_control_direct_emergency.json before=2026-09-10T06:37:56Z after=2026-09-10T06:37:56Z http_status=200
nh27_via_bands_emergency.json before=2026-09-10T06:37:56Z after=2026-09-10T06:37:56Z http_status=200
nh27_leg1_band1_jalukbari_nagaon_emergency.json before=2026-09-10T06:37:56Z after=2026-09-10T06:37:56Z http_status=200
nh27_leg2_band2_nagaon_doboka_emergency.json before=2026-09-10T06:37:56Z after=2026-09-10T06:37:56Z http_status=200
nh27_leg3_band3_doboka_lanka_lumding_emergency.json before=2026-09-10T06:37:56Z after=2026-09-10T06:37:56Z http_status=200
nh27_leg4_band4_lumding_maibang_emergency.json before=2026-09-10T06:37:56Z after=2026-09-10T06:37:56Z http_status=200
nh27_leg5_band5_maibang_harangajao_balachera_emergency.json before=2026-09-10T06:37:56Z after=2026-09-10T06:37:56Z http_status=200
nh27_leg6_band6_balachera_silchar_emergency.json before=2026-09-10T06:37:56Z after=2026-09-10T06:37:57Z http_status=200
nh6_alternative_emergency.json before=2026-09-10T06:37:57Z after=2026-09-10T06:37:57Z http_status=200
